02:50:18 **** Incremental Build of configuration Debug for project whole_board ****
make -j16 all 
arm-none-eabi-gcc "../Core/Src/main.c" -mcpu=cortex-m4 -std=gnu11 -g3 -DDEBUG -DUSE_HAL_DRIVER -DSTM32G473xx -c -I../Core/Inc -I../Drivers/STM32G4xx_HAL_Driver/Inc -I../Drivers/STM32G4xx_HAL_Driver/Inc/Legacy -I../Drivers/CMSIS/Device/ST/STM32G4xx/Include -I../Drivers/CMSIS/Include -O0 -ffunction-sections -fdata-sections -Wall -fstack-usage -fcyclomatic-complexity -MMD -MP -MF"Core/Src/main.d" -MT"Core/Src/main.o" --specs=nano.specs -mfpu=fpv4-sp-d16 -mfloat-abi=hard -mthumb -o "Core/Src/main.o"
../Core/Src/main.c: In function 'main':
../Core/Src/main.c:109:23: warning: variable 'z' set but not used [-Wunused-but-set-variable]
  109 |           float x, y, z;
      |                       ^
../Core/Src/main.c:109:20: warning: variable 'y' set but not used [-Wunused-but-set-variable]
  109 |           float x, y, z;
      |                    ^
../Core/Src/main.c:109:17: warning: variable 'x' set but not used [-Wunused-but-set-variable]
  109 |           float x, y, z;
      |                 ^
../Core/Src/main.c:98:7: warning: unused variable 'a' [-Wunused-variable]
   98 |   int a = ADXL343_Init();
      |       ^
arm-none-eabi-gcc -o "whole_board.elf" @"objects.list"   -mcpu=cortex-m4 -T"C:\Users\kathe\Projects\IngestibleCapsule-TOP\IngestibleCapsule-CubeIDE\whole_board\STM32G473CCUX_FLASH.ld" --specs=nosys.specs -Wl,-Map="whole_board.map" -Wl,--gc-sections -static --specs=nano.specs -mfpu=fpv4-sp-d16 -mfloat-abi=hard -mthumb -Wl,--start-group -lc -lm -Wl,--end-group
Finished building target: whole_board.elf
 
arm-none-eabi-size  whole_board.elf 
arm-none-eabi-objdump -h -S whole_board.elf  > "whole_board.list"
   text	   data	    bss	    dec	    hex	filename
  13292	     12	   1756	  15060	   3ad4	whole_board.elf
Finished building: default.size.stdout
 
Finished building: whole_board.list
 
02:50:20 **** Incremental Build of configuration Debug for project whole_board ****
make -j16 all 
arm-none-eabi-size  whole_board.elf 
   text	   data	    bss	    dec	    hex	filename
  13292	     12	   1756	  15060	   3ad4	whole_board.elf
Finished building: default.size.stdout
 
