Archive member included to satisfy reference by file (symbol)

C:/ST/STM32CubeIDE_1.15.1/STM32CubeIDE/plugins/com.st.stm32cube.ide.mcu.externaltools.gnu-tools-for-stm32.12.3.rel1.win32_1.0.100.202403111256/tools/bin/../lib/gcc/arm-none-eabi/12.3.1/../../../../arm-none-eabi/lib/thumb/v7e-m+fp/hard\libc_nano.a(libc_a-exit.o)
                              C:/ST/STM32CubeIDE_1.15.1/STM32CubeIDE/plugins/com.st.stm32cube.ide.mcu.externaltools.gnu-tools-for-stm32.12.3.rel1.win32_1.0.100.202403111256/tools/bin/../lib/gcc/arm-none-eabi/12.3.1/../../../../arm-none-eabi/lib/thumb/v7e-m+fp/hard/crt0.o (exit)
C:/ST/STM32CubeIDE_1.15.1/STM32CubeIDE/plugins/com.st.stm32cube.ide.mcu.externaltools.gnu-tools-for-stm32.12.3.rel1.win32_1.0.100.202403111256/tools/bin/../lib/gcc/arm-none-eabi/12.3.1/../../../../arm-none-eabi/lib/thumb/v7e-m+fp/hard\libc_nano.a(libc_a-findfp.o)
                              C:/ST/STM32CubeIDE_1.15.1/STM32CubeIDE/plugins/com.st.stm32cube.ide.mcu.externaltools.gnu-tools-for-stm32.12.3.rel1.win32_1.0.100.202403111256/tools/bin/../lib/gcc/arm-none-eabi/12.3.1/../../../../arm-none-eabi/lib/thumb/v7e-m+fp/hard\libc_nano.a(libc_a-exit.o) (__stdio_exit_handler)
C:/ST/STM32CubeIDE_1.15.1/STM32CubeIDE/plugins/com.st.stm32cube.ide.mcu.externaltools.gnu-tools-for-stm32.12.3.rel1.win32_1.0.100.202403111256/tools/bin/../lib/gcc/arm-none-eabi/12.3.1/../../../../arm-none-eabi/lib/thumb/v7e-m+fp/hard\libc_nano.a(libc_a-fwalk.o)
                              C:/ST/STM32CubeIDE_1.15.1/STM32CubeIDE/plugins/com.st.stm32cube.ide.mcu.externaltools.gnu-tools-for-stm32.12.3.rel1.win32_1.0.100.202403111256/tools/bin/../lib/gcc/arm-none-eabi/12.3.1/../../../../arm-none-eabi/lib/thumb/v7e-m+fp/hard\libc_nano.a(libc_a-findfp.o) (_fwalk_sglue)
C:/ST/STM32CubeIDE_1.15.1/STM32CubeIDE/plugins/com.st.stm32cube.ide.mcu.externaltools.gnu-tools-for-stm32.12.3.rel1.win32_1.0.100.202403111256/tools/bin/../lib/gcc/arm-none-eabi/12.3.1/../../../../arm-none-eabi/lib/thumb/v7e-m+fp/hard\libc_nano.a(libc_a-stdio.o)
                              C:/ST/STM32CubeIDE_1.15.1/STM32CubeIDE/plugins/com.st.stm32cube.ide.mcu.externaltools.gnu-tools-for-stm32.12.3.rel1.win32_1.0.100.202403111256/tools/bin/../lib/gcc/arm-none-eabi/12.3.1/../../../../arm-none-eabi/lib/thumb/v7e-m+fp/hard\libc_nano.a(libc_a-findfp.o) (__sread)
C:/ST/STM32CubeIDE_1.15.1/STM32CubeIDE/plugins/com.st.stm32cube.ide.mcu.externaltools.gnu-tools-for-stm32.12.3.rel1.win32_1.0.100.202403111256/tools/bin/../lib/gcc/arm-none-eabi/12.3.1/../../../../arm-none-eabi/lib/thumb/v7e-m+fp/hard\libc_nano.a(libc_a-memset.o)
                              C:/ST/STM32CubeIDE_1.15.1/STM32CubeIDE/plugins/com.st.stm32cube.ide.mcu.externaltools.gnu-tools-for-stm32.12.3.rel1.win32_1.0.100.202403111256/tools/bin/../lib/gcc/arm-none-eabi/12.3.1/../../../../arm-none-eabi/lib/thumb/v7e-m+fp/hard/crt0.o (memset)
C:/ST/STM32CubeIDE_1.15.1/STM32CubeIDE/plugins/com.st.stm32cube.ide.mcu.externaltools.gnu-tools-for-stm32.12.3.rel1.win32_1.0.100.202403111256/tools/bin/../lib/gcc/arm-none-eabi/12.3.1/../../../../arm-none-eabi/lib/thumb/v7e-m+fp/hard\libc_nano.a(libc_a-closer.o)
                              C:/ST/STM32CubeIDE_1.15.1/STM32CubeIDE/plugins/com.st.stm32cube.ide.mcu.externaltools.gnu-tools-for-stm32.12.3.rel1.win32_1.0.100.202403111256/tools/bin/../lib/gcc/arm-none-eabi/12.3.1/../../../../arm-none-eabi/lib/thumb/v7e-m+fp/hard\libc_nano.a(libc_a-stdio.o) (_close_r)
C:/ST/STM32CubeIDE_1.15.1/STM32CubeIDE/plugins/com.st.stm32cube.ide.mcu.externaltools.gnu-tools-for-stm32.12.3.rel1.win32_1.0.100.202403111256/tools/bin/../lib/gcc/arm-none-eabi/12.3.1/../../../../arm-none-eabi/lib/thumb/v7e-m+fp/hard\libc_nano.a(libc_a-reent.o)
                              C:/ST/STM32CubeIDE_1.15.1/STM32CubeIDE/plugins/com.st.stm32cube.ide.mcu.externaltools.gnu-tools-for-stm32.12.3.rel1.win32_1.0.100.202403111256/tools/bin/../lib/gcc/arm-none-eabi/12.3.1/../../../../arm-none-eabi/lib/thumb/v7e-m+fp/hard\libc_nano.a(libc_a-closer.o) (errno)
C:/ST/STM32CubeIDE_1.15.1/STM32CubeIDE/plugins/com.st.stm32cube.ide.mcu.externaltools.gnu-tools-for-stm32.12.3.rel1.win32_1.0.100.202403111256/tools/bin/../lib/gcc/arm-none-eabi/12.3.1/../../../../arm-none-eabi/lib/thumb/v7e-m+fp/hard\libc_nano.a(libc_a-impure.o)
                              C:/ST/STM32CubeIDE_1.15.1/STM32CubeIDE/plugins/com.st.stm32cube.ide.mcu.externaltools.gnu-tools-for-stm32.12.3.rel1.win32_1.0.100.202403111256/tools/bin/../lib/gcc/arm-none-eabi/12.3.1/../../../../arm-none-eabi/lib/thumb/v7e-m+fp/hard\libc_nano.a(libc_a-reent.o) (_impure_ptr)
C:/ST/STM32CubeIDE_1.15.1/STM32CubeIDE/plugins/com.st.stm32cube.ide.mcu.externaltools.gnu-tools-for-stm32.12.3.rel1.win32_1.0.100.202403111256/tools/bin/../lib/gcc/arm-none-eabi/12.3.1/../../../../arm-none-eabi/lib/thumb/v7e-m+fp/hard\libc_nano.a(libc_a-lseekr.o)
[...]
Memory Configuration

Name             Origin             Length             Attributes
RAM              0x20000000         0x00020000         xrw
FLASH            0x08000000         0x00040000         xr
*default*        0x00000000         0xffffffff

Linker script and memory map

LOAD C:/ST/STM32CubeIDE_1.15.1/STM32CubeIDE/plugins/com.st.stm32cube.ide.mcu.externaltools.gnu-tools-for-stm32.12.3.rel1.win32_1.0.100.202403111256/tools/bin/../lib/gcc/arm-none-eabi/12.3.1/thumb/v7e-m+fp/hard/crti.o
LOAD C:/ST/STM32CubeIDE_1.15.1/STM32CubeIDE/plugins/com.st.stm32cube.ide.mcu.externaltools.gnu-tools-for-stm32.12.3.rel1.win32_1.0.100.202403111256/tools/bin/../lib/gcc/arm-none-eabi/12.3.1/thumb/v7e-m+fp/hard/crtbegin.o
LOAD C:/ST/STM32CubeIDE_1.15.1/STM32CubeIDE/plugins/com.st.stm32cube.ide.mcu.externaltools.gnu-tools-for-stm32.12.3.rel1.win32_1.0.100.202403111256/tools/bin/../lib/gcc/arm-none-eabi/12.3.1/../../../../arm-none-eabi/lib/thumb/v7e-m+fp/hard/crt0.o
LOAD ./Core/Src/ADXL343.o
LOAD ./Core/Src/main.o
LOAD ./Core/Src/stm32g4xx_hal_msp.o
LOAD ./Core/Src/stm32g4xx_it.o
LOAD ./Core/Src/syscalls.o
LOAD ./Core/Src/sysmem.o
LOAD ./Core/Src/system_stm32g4xx.o
LOAD ./Core/Startup/startup_stm32g473ccux.o
LOAD ./Drivers/STM32G4xx_HAL_Driver/Src/stm32g4xx_hal.o
LOAD ./Drivers/STM32G4xx_HAL_Driver/Src/stm32g4xx_hal_cortex.o
LOAD ./Drivers/STM32G4xx_HAL_Driver/Src/stm32g4xx_hal_dma.o
LOAD ./Drivers/STM32G4xx_HAL_Driver/Src/stm32g4xx_hal_dma_ex.o
LOAD ./Drivers/STM32G4xx_HAL_Driver/Src/stm32g4xx_hal_exti.o
LOAD ./Drivers/STM32G4xx_HAL_Driver/Src/stm32g4xx_hal_flash.o
LOAD ./Drivers/STM32G4xx_HAL_Driver/Src/stm32g4xx_hal_flash_ex.o
LOAD ./Drivers/STM32G4xx_HAL_Driver/Src/stm32g4xx_hal_flash_ramfunc.o
LOAD ./Drivers/STM32G4xx_HAL_Driver/Src/stm32g4xx_hal_gpio.o
LOAD ./Drivers/STM32G4xx_HAL_Driver/Src/stm32g4xx_hal_i2c.o
LOAD ./Drivers/STM32G4xx_HAL_Driver/Src/stm32g4xx_hal_i2c_ex.o
LOAD ./Drivers/STM32G4xx_HAL_Driver/Src/stm32g4xx_hal_pwr.o
LOAD ./Drivers/STM32G4xx_HAL_Driver/Src/stm32g4xx_hal_pwr_ex.o
LOAD ./Drivers/STM32G4xx_HAL_Driver/Src/stm32g4xx_hal_rcc.o
LOAD ./Drivers/STM32G4xx_HAL_Driver/Src/stm32g4xx_hal_rcc_ex.o
LOAD ./Drivers/STM32G4xx_HAL_Driver/Src/stm32g4xx_hal_spi.o
LOAD ./Drivers/STM32G4xx_HAL_Driver/Src/stm32g4xx_hal_spi_ex.o
LOAD ./Drivers/STM32G4xx_HAL_Driver/Src/stm32g4xx_hal_tim.o
LOAD ./Drivers/STM32G4xx_HAL_Driver/Src/stm32g4xx_hal_tim_ex.o
START GROUP
LOAD C:/ST/STM32CubeIDE_1.15.1/STM32CubeIDE/plugins/com.st.stm32cube.ide.mcu.externaltools.gnu-tools-for-stm32.12.3.rel1.win32_1.0.100.202403111256/tools/bin/../lib/gcc/arm-none-eabi/12.3.1/../../../../arm-none-eabi/lib/thumb/v7e-m+fp/hard\libc_nano.a
LOAD C:/ST/STM32CubeIDE_1.15.1/STM32CubeIDE/plugins/com.st.stm32cube.ide.mcu.externaltools.gnu-tools-for-stm32.12.3.rel1.win32_1.0.100.202403111256/tools/bin/../lib/gcc/arm-none-eabi/12.3.1/../../../../arm-none-eabi/lib/thumb/v7e-m+fp/hard\libm.a
END GROUP
START GROUP
LOAD C:/ST/STM32CubeIDE_1.15.1/STM32CubeIDE/plugins/com.st.stm32cube.ide.mcu.externaltools.gnu-tools-for-stm32.12.3.rel1.win32_1.0.100.202403111256/tools/bin/../lib/gcc/arm-none-eabi/12.3.1/thumb/v7e-m+fp/hard\libgcc.a
LOAD C:/ST/STM32CubeIDE_1.15.1/STM32CubeIDE/plugins/com.st.stm32cube.ide.mcu.externaltools.gnu-tools-for-stm32.12.3.rel1.win32_1.0.100.202403111256/tools/bin/../lib/gcc/arm-none-eabi/12.3.1/../../../../arm-none-eabi/lib/thumb/v7e-m+fp/hard\libc_nano.a
END GROUP
START GROUP
LOAD C:/ST/STM32CubeIDE_1.15.1/STM32CubeIDE/plugins/com.st.stm32cube.ide.mcu.externaltools.gnu-tools-for-stm32.12.3.rel1.win32_1.0.100.202403111256/tools/bin/../lib/gcc/arm-none-eabi/12.3.1/thumb/v7e-m+fp/hard\libgcc.a
LOAD C:/ST/STM32CubeIDE_1.15.1/STM32CubeIDE/plugins/com.st.stm32cube.ide.mcu.externaltools.gnu-tools-for-stm32.12.3.rel1.win32_1.0.100.202403111256/tools/bin/../lib/gcc/arm-none-eabi/12.3.1/../../../../arm-none-eabi/lib/thumb/v7e-m+fp/hard\libc_nano.a
LOAD C:/ST/STM32CubeIDE_1.15.1/STM32CubeIDE/plugins/com.st.stm32cube.ide.mcu.externaltools.gnu-tools-for-stm32.12.3.rel1.win32_1.0.100.202403111256/tools/bin/../lib/gcc/arm-none-eabi/12.3.1/../../../../arm-none-eabi/lib/thumb/v7e-m+fp/hard\libnosys.a
END GROUP
START GROUP
LOAD C:/ST/STM32CubeIDE_1.15.1/STM32CubeIDE/plugins/com.st.stm32cube.ide.mcu.externaltools.gnu-tools-for-stm32.12.3.rel1.win32_1.0.100.202403111256/tools/bin/../lib/gcc/arm-none-eabi/12.3.1/thumb/v7e-m+fp/hard\libgcc.a
LOAD C:/ST/STM32CubeIDE_1.15.1/STM32CubeIDE/plugins/com.st.stm32cube.ide.mcu.externaltools.gnu-tools-for-stm32.12.3.rel1.win32_1.0.100.202403111256/tools/bin/../lib/gcc/arm-none-eabi/12.3.1/../../../../arm-none-eabi/lib/thumb/v7e-m+fp/hard\libc_nano.a
LOAD C:/ST/STM32CubeIDE_1.15.1/STM32CubeIDE/plugins/com.st.stm32cube.ide.mcu.externaltools.gnu-tools-for-stm32.12.3.rel1.win32_1.0.100.202403111256/tools/bin/../lib/gcc/arm-none-eabi/12.3.1/../../../../arm-none-eabi/lib/thumb/v7e-m+fp/hard\libnosys.a
END GROUP
LOAD C:/ST/STM32CubeIDE_1.15.1/STM32CubeIDE/plugins/com.st.stm32cube.ide.mcu.externaltools.gnu-tools-for-stm32.12.3.rel1.win32_1.0.100.202403111256/tools/bin/../lib/gcc/arm-none-eabi/12.3.1/thumb/v7e-m+fp/hard/crtend.o
LOAD C:/ST/STM32CubeIDE_1.15.1/STM32CubeIDE/plugins/com.st.stm32cube.ide.mcu.externaltools.gnu-tools-for-stm32.12.3.rel1.win32_1.0.100.202403111256/tools/bin/../lib/gcc/arm-none-eabi/12.3.1/thumb/v7e-m+fp/hard/crtn.o
                0x20020000                        _estack = (ORIGIN (RAM) + LENGTH (RAM))
                0x00000200                        _Min_Heap_Size = 0x200
                0x00000400                        _Min_Stack_Size = 0x400

.isr_vector     0x08000000      0x1d8
                0x08000000                        . = ALIGN (0x4)
 *(.isr_vector)
 .isr_vector    0x08000000      0x1d8 ./Core/Startup/startup_stm32g473ccux.o
                0x08000000                g_pfnVectors
                0x080001d8                        . = ALIGN (0x4)

.text           0x080001d8     0x31fc
                0x080001d8                        . = ALIGN (0x4)
 *(.text)
 .text          0x080001d8       0x40 C:/ST/STM32CubeIDE_1.15.1/STM32CubeIDE/plugins/com.st.stm32cube.ide.mcu.externaltools.gnu-tools-for-stm32.12.3.rel1.win32_1.0.100.202403111256/tools/bin/../lib/gcc/arm-none-eabi/12.3.1/thumb/v7e-m+fp/hard/crtbegin.o
 .text          0x08000218      0x254 C:/ST/STM32CubeIDE_1.15.1/STM32CubeIDE/plugins/com.st.stm32cube.ide.mcu.externaltools.gnu-tools-for-stm32.12.3.rel1.win32_1.0.100.202403111256/tools/bin/../lib/gcc/arm-none-eabi/12.3.1/thumb/v7e-m+fp/hard\libgcc.a(_arm_muldf3.o)
                0x08000218                __muldf3
                0x08000218                __aeabi_dmul
 .text          0x0800046c      0x378 C:/ST/STM32CubeIDE_1.15.1/STM32CubeIDE/plugins/com.st.stm32cube.ide.mcu.externaltools.gnu-tools-for-stm32.12.3.rel1.win32_1.0.100.202403111256/tools/bin/../lib/gcc/arm-none-eabi/12.3.1/thumb/v7e-m+fp/hard\libgcc.a(_arm_addsubdf3.o)
                0x0800046c                __aeabi_drsub
                0x08000474                __aeabi_dsub
                0x08000474                __subdf3
                0x08000478                __aeabi_dadd
                0x08000478                __adddf3
                0x080006f0                __floatunsidf
                0x080006f0                __aeabi_ui2d
                0x08000710                __floatsidf
                0x08000710                __aeabi_i2d
                0x08000734                __aeabi_f2d
                0x08000734                __extendsfdf2
                0x08000778                __floatundidf
                0x08000778                __aeabi_ul2d
                0x08000788                __floatdidf
                0x08000788                __aeabi_l2d
 .text          0x080007e4       0xa0 C:/ST/STM32CubeIDE_1.15.1/STM32CubeIDE/plugins/com.st.stm32cube.ide.mcu.externaltools.gnu-tools-for-stm32.12.3.rel1.win32_1.0.100.202403111256/tools/bin/../lib/gcc/arm-none-eabi/12.3.1/thumb/v7e-m+fp/hard\libgcc.a(_arm_truncdfsf2.o)
                0x080007e4                __truncdfsf2
                0x080007e4                __aeabi_d2f
 *(.text*)
 .text.ADXL343_Write
                0x08000884       0x48 ./Core/Src/ADXL343.o
                0x08000884                ADXL343_Write
 .text.ADXL343_Read
                0x080008cc       0x48 ./Core/Src/ADXL343.o
                0x080008cc                ADXL343_Read
 .text.ADXL343_Init
                0x08000914       0x3c ./Core/Src/ADXL343.o
                0x08000914                ADXL343_Init
 .text.ADXL343_ReadX
                0x08000950       0x8c ./Core/Src/ADXL343.o
                0x08000950                ADXL343_ReadX
 *fill*         0x080009dc        0x4 
 .text.ADXL343_ReadY
                0x080009e0       0x8c ./Core/Src/ADXL343.o
                0x080009e0                ADXL343_ReadY
 *fill*         0x08000a6c        0x4 
 .text.ADXL343_ReadZ
                0x08000a70       0x8c ./Core/Src/ADXL343.o
                0x08000a70                ADXL343_ReadZ
 .text.main     0x08000afc       0x60 ./Core/Src/main.o
                0x08000afc                main
 .text.SystemClock_Config
                0x08000b5c       0x80 ./Core/Src/main.o
                0x08000b5c                SystemClock_Config
 .text.MX_I2C2_Init
                0x08000bdc       0x80 ./Core/Src/main.o
 .text.MX_SPI1_Init
                0x08000c5c       0x7c ./Core/Src/main.o
 .text.MX_GPIO_Init
                0x08000cd8      0x11c ./Core/Src/main.o
 .text.Error_Handler
                0x08000df4        0xc ./Core/Src/main.o
                0x08000df4                Error_Handler
 .text.HAL_MspInit
                0x08000e00       0x48 ./Core/Src/stm32g4xx_hal_msp.o
                0x08000e00                HAL_MspInit
 .text.HAL_I2C_MspInit
                0x08000e48       0xb0 ./Core/Src/stm32g4xx_hal_msp.o
                0x08000e48                HAL_I2C_MspInit
 .text.HAL_SPI_MspInit
                0x08000ef8       0x84 ./Core/Src/stm32g4xx_hal_msp.o
                0x08000ef8                HAL_SPI_MspInit
 .text.NMI_Handler
                0x08000f7c        0x8 ./Core/Src/stm32g4xx_it.o
                0x08000f7c                NMI_Handler
 .text.HardFault_Handler
                0x08000f84        0x8 ./Core/Src/stm32g4xx_it.o
                0x08000f84                HardFault_Handler
 .text.MemManage_Handler
                0x08000f8c        0x8 ./Core/Src/stm32g4xx_it.o
                0x08000f8c                MemManage_Handler
 .text.BusFault_Handler
                0x08000f94        0x8 ./Core/Src/stm32g4xx_it.o
                0x08000f94                BusFault_Handler
 .text.UsageFault_Handler
                0x08000f9c        0x8 ./Core/Src/stm32g4xx_it.o
                0x08000f9c                UsageFault_Handler
 .text.SVC_Handler
                0x08000fa4        0xe ./Core/Src/stm32g4xx_it.o
                0x08000fa4                SVC_Handler
 .text.DebugMon_Handler
                0x08000fb2        0xe ./Core/Src/stm32g4xx_it.o
                0x08000fb2                DebugMon_Handler
 .text.PendSV_Handler
                0x08000fc0        0xe ./Core/Src/stm32g4xx_it.o
                0x08000fc0                PendSV_Handler
 .text.SysTick_Handler
                0x08000fce        0xc ./Core/Src/stm32g4xx_it.o
                0x08000fce                SysTick_Handler
 *fill*         0x08000fda        0x2 
 .text.SystemInit
                0x08000fdc       0x24 ./Core/Src/system_stm32g4xx.o
                0x08000fdc                SystemInit
 .text.Reset_Handler
                0x08001000       0x50 ./Core/Startup/startup_stm32g473ccux.o
                0x08001000                Reset_Handler
 .text.Default_Handler
                0x08001050        0x2 ./Core/Startup/startup_stm32g473ccux.o
                0x08001050                RTC_Alarm_IRQHandler
                0x08001050                EXTI2_IRQHandler
                0x08001050                TIM8_TRG_COM_IRQHandler
                0x08001050                TIM8_CC_IRQHandler
                0x08001050                SPI4_IRQHandler
                0x08001050                FDCAN3_IT0_IRQHandler
                0x08001050                TIM1_CC_IRQHandler
                0x08001050                USB_HP_IRQHandler
                0x08001050                CORDIC_IRQHandler
                0x08001050                DMA2_Channel8_IRQHandler
                0x08001050                EXTI3_IRQHandler
                0x08001050                I2C3_ER_IRQHandler
                0x08001050                EXTI0_IRQHandler
                0x08001050                I2C2_EV_IRQHandler
                0x08001050                FPU_IRQHandler
                0x08001050                FDCAN1_IT1_IRQHandler
                0x08001050                TIM1_UP_TIM16_IRQHandler
                0x08001050                ADC1_2_IRQHandler
                0x08001050                SPI1_IRQHandler
                0x08001050                TIM6_DAC_IRQHandler
                0x08001050                TIM8_UP_IRQHandler
                0x08001050                DMA2_Channel2_IRQHandler
                0x08001050                DMA1_Channel4_IRQHandler
                0x08001050                TIM20_TRG_COM_IRQHandler
                0x08001050                USART3_IRQHandler
                0x08001050                DMA1_Channel7_IRQHandler
                0x08001050                UART5_IRQHandler
                0x08001050                ADC3_IRQHandler
                0x08001050                TIM4_IRQHandler
                0x08001050                DMA2_Channel1_IRQHandler
                0x08001050                QUADSPI_IRQHandler
                0x08001050                I2C1_EV_IRQHandler
                0x08001050                DMA1_Channel6_IRQHandler
                0x08001050                UART4_IRQHandler
                0x08001050                DMA2_Channel4_IRQHandler
                0x08001050                TIM3_IRQHandler
                0x08001050                RCC_IRQHandler
                0x08001050                TIM20_UP_IRQHandler
                0x08001050                DMA1_Channel1_IRQHandler
                0x08001050                Default_Handler
                0x08001050                DMA2_Channel7_IRQHandler
                0x08001050                RTC_TAMP_LSECSS_IRQHandler
                0x08001050                FMAC_IRQHandler
                0x08001050                EXTI15_10_IRQHandler
                0x08001050                DMA1_Channel8_IRQHandler
                0x08001050                TIM7_DAC_IRQHandler
                0x08001050                FDCAN3_IT1_IRQHandler
                0x08001050                TIM5_IRQHandler
                0x08001050                UCPD1_IRQHandler
                0x08001050                I2C3_EV_IRQHandler
                0x08001050                EXTI9_5_IRQHandler
                0x08001050                RTC_WKUP_IRQHandler
                0x08001050                PVD_PVM_IRQHandler
                0x08001050                SPI2_IRQHandler
                0x08001050                ADC5_IRQHandler
                0x08001050                DMA2_Channel5_IRQHandler
                0x08001050                CRS_IRQHandler
                0x08001050                DMA1_Channel5_IRQHandler
                0x08001050                USB_LP_IRQHandler
                0x08001050                EXTI4_IRQHandler
                0x08001050                RNG_IRQHandler
                0x08001050                TIM1_TRG_COM_TIM17_IRQHandler
                0x08001050                FDCAN2_IT1_IRQHandler
                0x08001050                DMA1_Channel3_IRQHandler
                0x08001050                ADC4_IRQHandler
                0x08001050                WWDG_IRQHandler
                0x08001050                I2C4_EV_IRQHandler
                0x08001050                FDCAN2_IT0_IRQHandler
                0x08001050                LPUART1_IRQHandler
                0x08001050                DMA2_Channel6_IRQHandler
                0x08001050                FDCAN1_IT0_IRQHandler
                0x08001050                TIM2_IRQHandler
                0x08001050                COMP7_IRQHandler
                0x08001050                COMP1_2_3_IRQHandler
                0x08001050                EXTI1_IRQHandler
                0x08001050                USART2_IRQHandler
                0x08001050                COMP4_5_6_IRQHandler
                0x08001050                TIM20_BRK_IRQHandler
                0x08001050                I2C2_ER_IRQHandler
                0x08001050                DMA1_Channel2_IRQHandler
                0x08001050                TIM8_BRK_IRQHandler
                0x08001050                FLASH_IRQHandler
                0x08001050                TIM20_CC_IRQHandler
                0x08001050                USART1_IRQHandler
                0x08001050                SPI3_IRQHandler
                0x08001050                I2C1_ER_IRQHandler
                0x08001050                FMC_IRQHandler
                0x08001050                LPTIM1_IRQHandler
                0x08001050                DMAMUX_OVR_IRQHandler
                0x08001050                I2C4_ER_IRQHandler
                0x08001050                USBWakeUp_IRQHandler
                0x08001050                SAI1_IRQHandler
                0x08001050                DMA2_Channel3_IRQHandler
                0x08001050                TIM1_BRK_TIM15_IRQHandler
 .text.HAL_Init
                0x08001052       0x30 ./Drivers/STM32G4xx_HAL_Driver/Src/stm32g4xx_hal.o
                0x08001052                HAL_Init
 *fill*         0x08001082        0x2 
 .text.HAL_InitTick
                0x08001084       0x74 ./Drivers/STM32G4xx_HAL_Driver/Src/stm32g4xx_hal.o
                0x08001084                HAL_InitTick
 .text.HAL_IncTick
                0x080010f8       0x24 ./Drivers/STM32G4xx_HAL_Driver/Src/stm32g4xx_hal.o
                0x080010f8                HAL_IncTick
 .text.HAL_GetTick
                0x0800111c       0x18 ./Drivers/STM32G4xx_HAL_Driver/Src/stm32g4xx_hal.o
                0x0800111c                HAL_GetTick
 .text.HAL_Delay
                0x08001134       0x44 ./Drivers/STM32G4xx_HAL_Driver/Src/stm32g4xx_hal.o
                0x08001134                HAL_Delay
 .text.__NVIC_SetPriorityGrouping
                0x08001178       0x48 ./Drivers/STM32G4xx_HAL_Driver/Src/stm32g4xx_hal_cortex.o
 .text.__NVIC_GetPriorityGrouping
                0x080011c0       0x1c ./Drivers/STM32G4xx_HAL_Driver/Src/stm32g4xx_hal_cortex.o
 .text.__NVIC_SetPriority
                0x080011dc       0x54 ./Drivers/STM32G4xx_HAL_Driver/Src/stm32g4xx_hal_cortex.o
 .text.NVIC_EncodePriority
                0x08001230       0x66 ./Drivers/STM32G4xx_HAL_Driver/Src/stm32g4xx_hal_cortex.o
 *fill*         0x08001296        0x2 
 .text.SysTick_Config
                0x08001298       0x44 ./Drivers/STM32G4xx_HAL_Driver/Src/stm32g4xx_hal_cortex.o
 .text.HAL_NVIC_SetPriorityGrouping
                0x080012dc       0x16 ./Drivers/STM32G4xx_HAL_Driver/Src/stm32g4xx_hal_cortex.o
                0x080012dc                HAL_NVIC_SetPriorityGrouping
 .text.HAL_NVIC_SetPriority
                0x080012f2       0x34 ./Drivers/STM32G4xx_HAL_Driver/Src/stm32g4xx_hal_cortex.o
                0x080012f2                HAL_NVIC_SetPriority
 .text.HAL_SYSTICK_Config
                0x08001326       0x18 ./Drivers/STM32G4xx_HAL_Driver/Src/stm32g4xx_hal_cortex.o
                0x08001326                HAL_SYSTICK_Config
 *fill*         0x0800133e        0x2 
 .text.HAL_GPIO_Init
                0x08001340      0x304 ./Drivers/STM32G4xx_HAL_Driver/Src/stm32g4xx_hal_gpio.o
                0x08001340                HAL_GPIO_Init
 .text.HAL_GPIO_WritePin
                0x08001644       0x30 ./Drivers/STM32G4xx_HAL_Driver/Src/stm32g4xx_hal_gpio.o
                0x08001644                HAL_GPIO_WritePin
 .text.HAL_I2C_Init
                0x08001674      0x136 ./Drivers/STM32G4xx_HAL_Driver/Src/stm32g4xx_hal_i2c.o
                0x08001674                HAL_I2C_Init
 *fill*         0x080017aa        0x2 
 .text.HAL_I2C_Master_Transmit
                0x080017ac      0x230 ./Drivers/STM32G4xx_HAL_Driver/Src/stm32g4xx_hal_i2c.o
                0x080017ac                HAL_I2C_Master_Transmit
 .text.HAL_I2C_Mem_Read
                0x080019dc      0x234 ./Drivers/STM32G4xx_HAL_Driver/Src/stm32g4xx_hal_i2c.o
                0x080019dc                HAL_I2C_Mem_Read
 .text.I2C_RequestMemoryRead
                0x08001c10       0xa8 ./Drivers/STM32G4xx_HAL_Driver/Src/stm32g4xx_hal_i2c.o
 .text.I2C_Flush_TXDR
                0x08001cb8       0x48 ./Drivers/STM32G4xx_HAL_Driver/Src/stm32g4xx_hal_i2c.o
 .text.I2C_WaitOnFlagUntilTimeout
                0x08001d00       0xb2 ./Drivers/STM32G4xx_HAL_Driver/Src/stm32g4xx_hal_i2c.o
 .text.I2C_WaitOnTXISFlagUntilTimeout
                0x08001db2       0x8e ./Drivers/STM32G4xx_HAL_Driver/Src/stm32g4xx_hal_i2c.o
 .text.I2C_WaitOnSTOPFlagUntilTimeout
                0x08001e40       0x86 ./Drivers/STM32G4xx_HAL_Driver/Src/stm32g4xx_hal_i2c.o
 *fill*         0x08001ec6        0x2 
 .text.I2C_IsErrorOccurred
                0x08001ec8      0x1c0 ./Drivers/STM32G4xx_HAL_Driver/Src/stm32g4xx_hal_i2c.o
 .text.I2C_TransferConfig
                0x08002088       0x64 ./Drivers/STM32G4xx_HAL_Driver/Src/stm32g4xx_hal_i2c.o
 .text.HAL_I2CEx_ConfigAnalogFilter
                0x080020ec       0x96 ./Drivers/STM32G4xx_HAL_Driver/Src/stm32g4xx_hal_i2c_ex.o
                0x080020ec                HAL_I2CEx_ConfigAnalogFilter
 .text.HAL_I2CEx_ConfigDigitalFilter
                0x08002182       0x98 ./Drivers/STM32G4xx_HAL_Driver/Src/stm32g4xx_hal_i2c_ex.o
                0x08002182                HAL_I2CEx_ConfigDigitalFilter
 *fill*         0x0800221a        0x2 
 .text.HAL_PWREx_ControlVoltageScaling
                0x0800221c      0x148 ./Drivers/STM32G4xx_HAL_Driver/Src/stm32g4xx_hal_pwr_ex.o
                0x0800221c                HAL_PWREx_ControlVoltageScaling
 .text.HAL_PWREx_DisableUCPDDeadBattery
                0x08002364       0x20 ./Drivers/STM32G4xx_HAL_Driver/Src/stm32g4xx_hal_pwr_ex.o
                0x08002364                HAL_PWREx_DisableUCPDDeadBattery
 .text.HAL_RCC_OscConfig
                0x08002384      0x624 ./Drivers/STM32G4xx_HAL_Driver/Src/stm32g4xx_hal_rcc.o
                0x08002384                HAL_RCC_OscConfig
 .text.HAL_RCC_ClockConfig
                0x080029a8      0x278 ./Drivers/STM32G4xx_HAL_Driver/Src/stm32g4xx_hal_rcc.o
                0x080029a8                HAL_RCC_ClockConfig
 .text.HAL_RCC_GetSysClockFreq
                0x08002c20       0xc4 ./Drivers/STM32G4xx_HAL_Driver/Src/stm32g4xx_hal_rcc.o
                0x08002c20                HAL_RCC_GetSysClockFreq
 .text.RCC_GetSysClockFreqFromPLLSource
                0x08002ce4       0x8c ./Drivers/STM32G4xx_HAL_Driver/Src/stm32g4xx_hal_rcc.o
 .text.HAL_RCCEx_PeriphCLKConfig
                0x08002d70      0x49c ./Drivers/STM32G4xx_HAL_Driver/Src/stm32g4xx_hal_rcc_ex.o
                0x08002d70                HAL_RCCEx_PeriphCLKConfig
 .text.HAL_SPI_Init
                0x0800320c      0x156 ./Drivers/STM32G4xx_HAL_Driver/Src/stm32g4xx_hal_spi.o
                0x0800320c                HAL_SPI_Init
 .text.memset   0x08003362       0x10 C:/ST/STM32CubeIDE_1.15.1/STM32CubeIDE/plugins/com.st.stm32cube.ide.mcu.externaltools.gnu-tools-for-stm32.12.3.rel1.win32_1.0.100.202403111256/tools/bin/../lib/gcc/arm-none-eabi/12.3.1/../../../../arm-none-eabi/lib/thumb/v7e-m+fp/hard\libc_nano.a(libc_a-memset.o)
                0x08003362                memset
 *fill*         0x08003372        0x2 
 .text.__libc_init_array
                0x08003374       0x48 C:/ST/STM32CubeIDE_1.15.1/STM32CubeIDE/plugins/com.st.stm32cube.ide.mcu.externaltools.gnu-tools-for-stm32.12.3.rel1.win32_1.0.100.202403111256/tools/bin/../lib/gcc/arm-none-eabi/12.3.1/../../../../arm-none-eabi/lib/thumb/v7e-m+fp/hard\libc_nano.a(libc_a-init.o)
                0x08003374                __libc_init_array
 *(.glue_7)
 .glue_7        0x080033bc        0x0 linker stubs
 *(.glue_7t)
 .glue_7t       0x080033bc        0x0 linker stubs
 *(.eh_frame)
 .eh_frame      0x080033bc        0x0 C:/ST/STM32CubeIDE_1.15.1/STM32CubeIDE/plugins/com.st.stm32cube.ide.mcu.externaltools.gnu-tools-for-stm32.12.3.rel1.win32_1.0.100.202403111256/tools/bin/../lib/gcc/arm-none-eabi/12.3.1/thumb/v7e-m+fp/hard/crtbegin.o
 *(.init)
 .init          0x080033bc        0x4 C:/ST/STM32CubeIDE_1.15.1/STM32CubeIDE/plugins/com.st.stm32cube.ide.mcu.externaltools.gnu-tools-for-stm32.12.3.rel1.win32_1.0.100.202403111256/tools/bin/../lib/gcc/arm-none-eabi/12.3.1/thumb/v7e-m+fp/hard/crti.o
                0x080033bc                _init
 .init          0x080033c0        0x8 C:/ST/STM32CubeIDE_1.15.1/STM32CubeIDE/plugins/com.st.stm32cube.ide.mcu.externaltools.gnu-tools-for-stm32.12.3.rel1.win32_1.0.100.202403111256/tools/bin/../lib/gcc/arm-none-eabi/12.3.1/thumb/v7e-m+fp/hard/crtn.o
 *(.fini)
 .fini          0x080033c8        0x4 C:/ST/STM32CubeIDE_1.15.1/STM32CubeIDE/plugins/com.st.stm32cube.ide.mcu.externaltools.gnu-tools-for-stm32.12.3.rel1.win32_1.0.100.202403111256/tools/bin/../lib/gcc/arm-none-eabi/12.3.1/thumb/v7e-m+fp/hard/crti.o
                0x080033c8                _fini
 .fini          0x080033cc        0x8 C:/ST/STM32CubeIDE_1.15.1/STM32CubeIDE/plugins/com.st.stm32cube.ide.mcu.externaltools.gnu-tools-for-stm32.12.3.rel1.win32_1.0.100.202403111256/tools/bin/../lib/gcc/arm-none-eabi/12.3.1/thumb/v7e-m+fp/hard/crtn.o
                0x080033d4                        . = ALIGN (0x4)
                0x080033d4                        _etext = .

.vfp11_veneer   0x080033d4        0x0
 .vfp11_veneer  0x080033d4        0x0 linker stubs

.v4_bx          0x080033d4        0x0
 .v4_bx         0x080033d4        0x0 linker stubs

.iplt           0x080033d4        0x0
 .iplt          0x080033d4        0x0 C:/ST/STM32CubeIDE_1.15.1/STM32CubeIDE/plugins/com.st.stm32cube.ide.mcu.externaltools.gnu-tools-for-stm32.12.3.rel1.win32_1.0.100.202403111256/tools/bin/../lib/gcc/arm-none-eabi/12.3.1/thumb/v7e-m+fp/hard/crtbegin.o

.rodata         0x080033d4       0x10
                0x080033d4                        . = ALIGN (0x4)
 *(.rodata)
 *(.rodata*)
 .rodata.AHBPrescTable
                0x080033d4       0x10 ./Core/Src/system_stm32g4xx.o
                0x080033d4                AHBPrescTable
                0x080033e4                        . = ALIGN (0x4)

.ARM.extab      0x080033e4        0x0
                0x080033e4                        . = ALIGN (0x4)
 *(.ARM.extab* .gnu.linkonce.armextab.*)
                0x080033e4                        . = ALIGN (0x4)

.ARM            0x080033e4        0x0
                0x080033e4                        . = ALIGN (0x4)
                0x080033e4                        __exidx_start = .
 *(.ARM.exidx*)
                0x080033e4                        __exidx_end = .
                0x080033e4                        . = ALIGN (0x4)

.preinit_array  0x080033e4        0x0
                0x080033e4                        . = ALIGN (0x4)
                0x080033e4                        PROVIDE (__preinit_array_start = .)
 *(.preinit_array*)
                0x080033e4                        PROVIDE (__preinit_array_end = .)
                0x080033e4                        . = ALIGN (0x4)

.init_array     0x080033e4        0x4
                0x080033e4                        . = ALIGN (0x4)
                0x080033e4                        PROVIDE (__init_array_start = .)
 *(SORT_BY_NAME(.init_array.*))
 *(.init_array*)
 .init_array    0x080033e4        0x4 C:/ST/STM32CubeIDE_1.15.1/STM32CubeIDE/plugins/com.st.stm32cube.ide.mcu.externaltools.gnu-tools-for-stm32.12.3.rel1.win32_1.0.100.202403111256/tools/bin/../lib/gcc/arm-none-eabi/12.3.1/thumb/v7e-m+fp/hard/crtbegin.o
                0x080033e8                        PROVIDE (__init_array_end = .)
                0x080033e8                        . = ALIGN (0x4)

.fini_array     0x080033e8        0x4
                0x080033e8                        . = ALIGN (0x4)
                [!provide]                        PROVIDE (__fini_array_start = .)
 *(SORT_BY_NAME(.fini_array.*))
 *(.fini_array*)
 .fini_array    0x080033e8        0x4 C:/ST/STM32CubeIDE_1.15.1/STM32CubeIDE/plugins/com.st.stm32cube.ide.mcu.externaltools.gnu-tools-for-stm32.12.3.rel1.win32_1.0.100.202403111256/tools/bin/../lib/gcc/arm-none-eabi/12.3.1/thumb/v7e-m+fp/hard/crtbegin.o
                [!provide]                        PROVIDE (__fini_array_end = .)
                0x080033ec                        . = ALIGN (0x4)
                0x080033ec                        _sidata = LOADADDR (.data)

.rel.dyn        0x080033ec        0x0
 .rel.iplt      0x080033ec        0x0 C:/ST/STM32CubeIDE_1.15.1/STM32CubeIDE/plugins/com.st.stm32cube.ide.mcu.externaltools.gnu-tools-for-stm32.12.3.rel1.win32_1.0.100.202403111256/tools/bin/../lib/gcc/arm-none-eabi/12.3.1/thumb/v7e-m+fp/hard/crtbegin.o

.data           0x20000000        0xc load address 0x080033ec
                0x20000000                        . = ALIGN (0x4)
                0x20000000                        _sdata = .
 *(.data)
 *(.data*)
 .data.SystemCoreClock
                0x20000000        0x4 ./Core/Src/system_stm32g4xx.o
                0x20000000                SystemCoreClock
 .data.uwTickPrio
                0x20000004        0x4 ./Drivers/STM32G4xx_HAL_Driver/Src/stm32g4xx_hal.o
                0x20000004                uwTickPrio
 .data.uwTickFreq
                0x20000008        0x4 ./Drivers/STM32G4xx_HAL_Driver/Src/stm32g4xx_hal.o
                0x20000008                uwTickFreq
 *(.RamFunc)
 *(.RamFunc*)
                0x2000000c                        . = ALIGN (0x4)
                0x2000000c                        _edata = .

.igot.plt       0x2000000c        0x0 load address 0x080033f8
 .igot.plt      0x2000000c        0x0 C:/ST/STM32CubeIDE_1.15.1/STM32CubeIDE/plugins/com.st.stm32cube.ide.mcu.externaltools.gnu-tools-for-stm32.12.3.rel1.win32_1.0.100.202403111256/tools/bin/../lib/gcc/arm-none-eabi/12.3.1/thumb/v7e-m+fp/hard/crtbegin.o
                0x2000000c                        . = ALIGN (0x4)

.bss            0x2000000c       0xd8 load address 0x080033f8
                0x2000000c                        _sbss = .
                0x2000000c                        __bss_start__ = _sbss
 *(.bss)
 .bss           0x2000000c       0x1c C:/ST/STM32CubeIDE_1.15.1/STM32CubeIDE/plugins/com.st.stm32cube.ide.mcu.externaltools.gnu-tools-for-stm32.12.3.rel1.win32_1.0.100.202403111256/tools/bin/../lib/gcc/arm-none-eabi/12.3.1/thumb/v7e-m+fp/hard/crtbegin.o
 *(.bss*)
 .bss.hi2c2     0x20000028       0x54 ./Core/Src/main.o
                0x20000028                hi2c2
 .bss.hspi1     0x2000007c       0x64 ./Core/Src/main.o
                0x2000007c                hspi1
 .bss.uwTick    0x200000e0        0x4 ./Drivers/STM32G4xx_HAL_Driver/Src/stm32g4xx_hal.o
                0x200000e0                uwTick
 *(COMMON)
                0x200000e4                        . = ALIGN (0x4)
                0x200000e4                        _ebss = .
                0x200000e4                        __bss_end__ = _ebss

._user_heap_stack
                0x200000e4      0x604 load address 0x080033f8
                0x200000e8                        . = ALIGN (0x8)
 *fill*         0x200000e4        0x4 
                [!provide]                        PROVIDE (end = .)
                0x200000e8                        PROVIDE (_end = .)
                0x200002e8                        . = (. + _Min_Heap_Size)
 *fill*         0x200000e8      0x200 
                0x200006e8                        . = (. + _Min_Stack_Size)
 *fill*         0x200002e8      0x400 
                0x200006e8                        . = ALIGN (0x8)

/DISCARD/
 libc.a(*)
 libm.a(*)
 libgcc.a(*)

.ARM.attributes
                0x00000000       0x30
 *(.ARM.attributes)
 .ARM.attributes
                0x00000000       0x22 C:/ST/STM32CubeIDE_1.15.1/STM32CubeIDE/plugins/com.st.stm32cube.ide.mcu.externaltools.gnu-tools-for-stm32.12.3.rel1.win32_1.0.100.202403111256/tools/bin/../lib/gcc/arm-none-eabi/12.3.1/thumb/v7e-m+fp/hard/crti.o
 .ARM.attributes
                0x00000022       0x34 C:/ST/STM32CubeIDE_1.15.1/STM32CubeIDE/plugins/com.st.stm32cube.ide.mcu.externaltools.gnu-tools-for-stm32.12.3.rel1.win32_1.0.100.202403111256/tools/bin/../lib/gcc/arm-none-eabi/12.3.1/thumb/v7e-m+fp/hard/crtbegin.o
 .ARM.attributes
                0x00000056       0x34 ./Core/Src/ADXL343.o
 .ARM.attributes
                0x0000008a       0x34 ./Core/Src/main.o
 .ARM.attributes
                0x000000be       0x34 ./Core/Src/stm32g4xx_hal_msp.o
 .ARM.attributes
                0x000000f2       0x34 ./Core/Src/stm32g4xx_it.o
 .ARM.attributes
                0x00000126       0x34 ./Core/Src/system_stm32g4xx.o
 .ARM.attributes
                0x0000015a       0x21 ./Core/Startup/startup_stm32g473ccux.o
 .ARM.attributes
                0x0000017b       0x34 ./Drivers/STM32G4xx_HAL_Driver/Src/stm32g4xx_hal.o
 .ARM.attributes
                0x000001af       0x34 ./Drivers/STM32G4xx_HAL_Driver/Src/stm32g4xx_hal_cortex.o
 .ARM.attributes
                0x000001e3       0x34 ./Drivers/STM32G4xx_HAL_Driver/Src/stm32g4xx_hal_gpio.o
 .ARM.attributes
                0x00000217       0x34 ./Drivers/STM32G4xx_HAL_Driver/Src/stm32g4xx_hal_i2c.o
 .ARM.attributes
                0x0000024b       0x34 ./Drivers/STM32G4xx_HAL_Driver/Src/stm32g4xx_hal_i2c_ex.o
 .ARM.attributes
                0x0000027f       0x34 ./Drivers/STM32G4xx_HAL_Driver/Src/stm32g4xx_hal_pwr_ex.o
 .ARM.attributes
                0x000002b3       0x34 ./Drivers/STM32G4xx_HAL_Driver/Src/stm32g4xx_hal_rcc.o
 .ARM.attributes
                0x000002e7       0x34 ./Drivers/STM32G4xx_HAL_Driver/Src/stm32g4xx_hal_rcc_ex.o
 .ARM.attributes
                0x0000031b       0x34 ./Drivers/STM32G4xx_HAL_Driver/Src/stm32g4xx_hal_spi.o
 .ARM.attributes
                0x0000034f       0x34 C:/ST/STM32CubeIDE_1.15.1/STM32CubeIDE/plugins/com.st.stm32cube.ide.mcu.externaltools.gnu-tools-for-stm32.12.3.rel1.win32_1.0.100.202403111256/tools/bin/../lib/gcc/arm-none-eabi/12.3.1/../../../../arm-none-eabi/lib/thumb/v7e-m+fp/hard\libc_nano.a(libc_a-memset.o)
 .ARM.attributes
                0x00000383       0x34 C:/ST/STM32CubeIDE_1.15.1/STM32CubeIDE/plugins/com.st.stm32cube.ide.mcu.externaltools.gnu-tools-for-stm32.12.3.rel1.win32_1.0.100.202403111256/tools/bin/../lib/gcc/arm-none-eabi/12.3.1/../../../../arm-none-eabi/lib/thumb/v7e-m+fp/hard\libc_nano.a(libc_a-init.o)
 .ARM.attributes
                0x000003b7       0x22 C:/ST/STM32CubeIDE_1.15.1/STM32CubeIDE/plugins/com.st.stm32cube.ide.mcu.externaltools.gnu-tools-for-stm32.12.3.rel1.win32_1.0.100.202403111256/tools/bin/../lib/gcc/arm-none-eabi/12.3.1/thumb/v7e-m+fp/hard\libgcc.a(_arm_muldf3.o)
 .ARM.attributes
                0x000003d9       0x22 C:/ST/STM32CubeIDE_1.15.1/STM32CubeIDE/plugins/com.st.stm32cube.ide.mcu.externaltools.gnu-tools-for-stm32.12.3.rel1.win32_1.0.100.202403111256/tools/bin/../lib/gcc/arm-none-eabi/12.3.1/thumb/v7e-m+fp/hard\libgcc.a(_arm_addsubdf3.o)
 .ARM.attributes
                0x000003fb       0x22 C:/ST/STM32CubeIDE_1.15.1/STM32CubeIDE/plugins/com.st.stm32cube.ide.mcu.externaltools.gnu-tools-for-stm32.12.3.rel1.win32_1.0.100.202403111256/tools/bin/../lib/gcc/arm-none-eabi/12.3.1/thumb/v7e-m+fp/hard\libgcc.a(_arm_truncdfsf2.o)
 .ARM.attributes
                0x0000041d       0x22 C:/ST/STM32CubeIDE_1.15.1/STM32CubeIDE/plugins/com.st.stm32cube.ide.mcu.externaltools.gnu-tools-for-stm32.12.3.rel1.win32_1.0.100.202403111256/tools/bin/../lib/gcc/arm-none-eabi/12.3.1/thumb/v7e-m+fp/hard/crtn.o
OUTPUT(whole_board.elf elf32-littlearm)
LOAD linker stubs
LOAD C:/ST/STM32CubeIDE_1.15.1/STM32CubeIDE/plugins/com.st.stm32cube.ide.mcu.externaltools.gnu-tools-for-stm32.12.3.rel1.win32_1.0.100.202403111256/tools/bin/../lib/gcc/arm-none-eabi/12.3.1/../../../../arm-none-eabi/lib/thumb/v7e-m+fp/hard\libc.a
LOAD C:/ST/STM32CubeIDE_1.15.1/STM32CubeIDE/plugins/com.st.stm32cube.ide.mcu.externaltools.gnu-tools-for-stm32.12.3.rel1.win32_1.0.100.202403111256/tools/bin/../lib/gcc/arm-none-eabi/12.3.1/../../../../arm-none-eabi/lib/thumb/v7e-m+fp/hard\libm.a
LOAD C:/ST/STM32CubeIDE_1.15.1/STM32CubeIDE/plugins/com.st.stm32cube.ide.mcu.externaltools.gnu-tools-for-stm32.12.3.rel1.win32_1.0.100.202403111256/tools/bin/../lib/gcc/arm-none-eabi/12.3.1/thumb/v7e-m+fp/hard\libgcc.a

.debug_info     0x00000000     0xb607
 .debug_info    0x00000000      0x8ff ./Core/Src/ADXL343.o
 .debug_info    0x000008ff     0x10f4 ./Core/Src/main.o
 .debug_info    0x000019f3      0xfa1 ./Core/Src/stm32g4xx_hal_msp.o
 .debug_info    0x00002994      0x113 ./Core/Src/stm32g4xx_it.o
 .debug_info    0x00002aa7      0x58e ./Core/Src/system_stm32g4xx.o
 .debug_info    0x00003035       0x30 ./Core/Startup/startup_stm32g473ccux.o
 .debug_info    0x00003065      0xb65 ./Drivers/STM32G4xx_HAL_Driver/Src/stm32g4xx_hal.o
 .debug_info    0x00003bca      0xd7d ./Drivers/STM32G4xx_HAL_Driver/Src/stm32g4xx_hal_cortex.o
 .debug_info    0x00004947      0x763 ./Drivers/STM32G4xx_HAL_Driver/Src/stm32g4xx_hal_gpio.o
 .debug_info    0x000050aa     0x21db ./Drivers/STM32G4xx_HAL_Driver/Src/stm32g4xx_hal_i2c.o
 .debug_info    0x00007285      0xad6 ./Drivers/STM32G4xx_HAL_Driver/Src/stm32g4xx_hal_i2c_ex.o
 .debug_info    0x00007d5b      0x93f ./Drivers/STM32G4xx_HAL_Driver/Src/stm32g4xx_hal_pwr_ex.o
 .debug_info    0x0000869a      0xbe0 ./Drivers/STM32G4xx_HAL_Driver/Src/stm32g4xx_hal_rcc.o
 .debug_info    0x0000927a      0xc45 ./Drivers/STM32G4xx_HAL_Driver/Src/stm32g4xx_hal_rcc_ex.o
 .debug_info    0x00009ebf     0x1748 ./Drivers/STM32G4xx_HAL_Driver/Src/stm32g4xx_hal_spi.o

.debug_abbrev   0x00000000     0x1d49
 .debug_abbrev  0x00000000      0x1c3 ./Core/Src/ADXL343.o
 .debug_abbrev  0x000001c3      0x2c0 ./Core/Src/main.o
 .debug_abbrev  0x00000483      0x1eb ./Core/Src/stm32g4xx_hal_msp.o
 .debug_abbrev  0x0000066e       0x73 ./Core/Src/stm32g4xx_it.o
 .debug_abbrev  0x000006e1      0x11a ./Core/Src/system_stm32g4xx.o
 .debug_abbrev  0x000007fb       0x24 ./Core/Startup/startup_stm32g473ccux.o
 .debug_abbrev  0x0000081f      0x271 ./Drivers/STM32G4xx_HAL_Driver/Src/stm32g4xx_hal.o
 .debug_abbrev  0x00000a90      0x31c ./Drivers/STM32G4xx_HAL_Driver/Src/stm32g4xx_hal_cortex.o
 .debug_abbrev  0x00000dac      0x1cb ./Drivers/STM32G4xx_HAL_Driver/Src/stm32g4xx_hal_gpio.o
 .debug_abbrev  0x00000f77      0x25e ./Drivers/STM32G4xx_HAL_Driver/Src/stm32g4xx_hal_i2c.o
 .debug_abbrev  0x000011d5      0x1c0 ./Drivers/STM32G4xx_HAL_Driver/Src/stm32g4xx_hal_i2c_ex.o
 .debug_abbrev  0x00001395      0x22c ./Drivers/STM32G4xx_HAL_Driver/Src/stm32g4xx_hal_pwr_ex.o
 .debug_abbrev  0x000015c1      0x2c9 ./Drivers/STM32G4xx_HAL_Driver/Src/stm32g4xx_hal_rcc.o
 .debug_abbrev  0x0000188a      0x258 ./Drivers/STM32G4xx_HAL_Driver/Src/stm32g4xx_hal_rcc_ex.o
 .debug_abbrev  0x00001ae2      0x267 ./Drivers/STM32G4xx_HAL_Driver/Src/stm32g4xx_hal_spi.o

.debug_aranges  0x00000000      0xb80
 .debug_aranges
                0x00000000       0x48 ./Core/Src/ADXL343.o
 .debug_aranges
                0x00000048       0x48 ./Core/Src/main.o
 .debug_aranges
                0x00000090       0x40 ./Core/Src/stm32g4xx_hal_msp.o
 .debug_aranges
                0x000000d0       0x60 ./Core/Src/stm32g4xx_it.o
 .debug_aranges
                0x00000130       0x28 ./Core/Src/system_stm32g4xx.o
 .debug_aranges
                0x00000158       0x28 ./Core/Startup/startup_stm32g473ccux.o
 .debug_aranges
                0x00000180      0x148 ./Drivers/STM32G4xx_HAL_Driver/Src/stm32g4xx_hal.o
 .debug_aranges
                0x000002c8      0x118 ./Drivers/STM32G4xx_HAL_Driver/Src/stm32g4xx_hal_cortex.o
 .debug_aranges
                0x000003e0       0x58 ./Drivers/STM32G4xx_HAL_Driver/Src/stm32g4xx_hal_gpio.o
 .debug_aranges
                0x00000438      0x2a0 ./Drivers/STM32G4xx_HAL_Driver/Src/stm32g4xx_hal_i2c.o
 .debug_aranges
                0x000006d8       0x48 ./Drivers/STM32G4xx_HAL_Driver/Src/stm32g4xx_hal_i2c_ex.o
 .debug_aranges
                0x00000720      0x140 ./Drivers/STM32G4xx_HAL_Driver/Src/stm32g4xx_hal_pwr_ex.o
 .debug_aranges
                0x00000860       0x98 ./Drivers/STM32G4xx_HAL_Driver/Src/stm32g4xx_hal_rcc.o
 .debug_aranges
                0x000008f8       0xb0 ./Drivers/STM32G4xx_HAL_Driver/Src/stm32g4xx_hal_rcc_ex.o
 .debug_aranges
                0x000009a8      0x1d8 ./Drivers/STM32G4xx_HAL_Driver/Src/stm32g4xx_hal_spi.o

.debug_rnglists
                0x00000000      0x8ca
 .debug_rnglists
                0x00000000       0x34 ./Core/Src/ADXL343.o
 .debug_rnglists
                0x00000034       0x34 ./Core/Src/main.o
 .debug_rnglists
                0x00000068       0x2d ./Core/Src/stm32g4xx_hal_msp.o
 .debug_rnglists
                0x00000095       0x43 ./Core/Src/stm32g4xx_it.o
 .debug_rnglists
                0x000000d8       0x1a ./Core/Src/system_stm32g4xx.o
 .debug_rnglists
                0x000000f2       0x19 ./Core/Startup/startup_stm32g473ccux.o
 .debug_rnglists
                0x0000010b       0xf1 ./Drivers/STM32G4xx_HAL_Driver/Src/stm32g4xx_hal.o
 .debug_rnglists
                0x000001fc       0xce ./Drivers/STM32G4xx_HAL_Driver/Src/stm32g4xx_hal_cortex.o
 .debug_rnglists
                0x000002ca       0x3f ./Drivers/STM32G4xx_HAL_Driver/Src/stm32g4xx_hal_gpio.o
 .debug_rnglists
                0x00000309      0x228 ./Drivers/STM32G4xx_HAL_Driver/Src/stm32g4xx_hal_i2c.o
 .debug_rnglists
                0x00000531       0x35 ./Drivers/STM32G4xx_HAL_Driver/Src/stm32g4xx_hal_i2c_ex.o
 .debug_rnglists
                0x00000566       0xf1 ./Drivers/STM32G4xx_HAL_Driver/Src/stm32g4xx_hal_pwr_ex.o
 .debug_rnglists
                0x00000657       0x74 ./Drivers/STM32G4xx_HAL_Driver/Src/stm32g4xx_hal_rcc.o
 .debug_rnglists
                0x000006cb       0x87 ./Drivers/STM32G4xx_HAL_Driver/Src/stm32g4xx_hal_rcc_ex.o
 .debug_rnglists
                0x00000752      0x178 ./Drivers/STM32G4xx_HAL_Driver/Src/stm32g4xx_hal_spi.o

.debug_macro    0x00000000    0x1e980
 .debug_macro   0x00000000      0x1e3 ./Core/Src/ADXL343.o
 .debug_macro   0x000001e3      0xab4 ./Core/Src/ADXL343.o
 .debug_macro   0x00000c97       0x22 ./Core/Src/ADXL343.o
 .debug_macro   0x00000cb9       0x8e ./Core/Src/ADXL343.o
 .debug_macro   0x00000d47       0x51 ./Core/Src/ADXL343.o
 .debug_macro   0x00000d98      0x103 ./Core/Src/ADXL343.o
 .debug_macro   0x00000e9b       0x6a ./Core/Src/ADXL343.o
 .debug_macro   0x00000f05      0x1df ./Core/Src/ADXL343.o
 .debug_macro   0x000010e4      0x15b ./Core/Src/ADXL343.o
 .debug_macro   0x0000123f       0x2e ./Core/Src/ADXL343.o
 .debug_macro   0x0000126d       0x28 ./Core/Src/ADXL343.o
 .debug_macro   0x00001295       0x1c ./Core/Src/ADXL343.o
 .debug_macro   0x000012b1       0x22 ./Core/Src/ADXL343.o
 .debug_macro   0x000012d3       0xfb ./Core/Src/ADXL343.o
 .debug_macro   0x000013ce     0x1011 ./Core/Src/ADXL343.o
 .debug_macro   0x000023df      0x11f ./Core/Src/ADXL343.o
 .debug_macro   0x000024fe    0x130a0 ./Core/Src/ADXL343.o
 .debug_macro   0x0001559e       0x6d ./Core/Src/ADXL343.o
 .debug_macro   0x0001560b     0x354d ./Core/Src/ADXL343.o
 .debug_macro   0x00018b58      0x189 ./Core/Src/ADXL343.o
 .debug_macro   0x00018ce1       0x5c ./Core/Src/ADXL343.o
 .debug_macro   0x00018d3d     0x16d9 ./Core/Src/ADXL343.o
 .debug_macro   0x0001a416      0x600 ./Core/Src/ADXL343.o
 .debug_macro   0x0001aa16      0x1b6 ./Core/Src/ADXL343.o
 .debug_macro   0x0001abcc      0x336 ./Core/Src/ADXL343.o
 .debug_macro   0x0001af02      0x50b ./Core/Src/ADXL343.o
 .debug_macro   0x0001b40d      0x18b ./Core/Src/ADXL343.o
 .debug_macro   0x0001b598       0x43 ./Core/Src/ADXL343.o
 .debug_macro   0x0001b5db      0x23d ./Core/Src/ADXL343.o
 .debug_macro   0x0001b818      0x211 ./Core/Src/ADXL343.o
 .debug_macro   0x0001ba29      0x45c ./Core/Src/ADXL343.o
 .debug_macro   0x0001be85      0x11c ./Core/Src/ADXL343.o
 .debug_macro   0x0001bfa1      0x22c ./Core/Src/ADXL343.o
 .debug_macro   0x0001c1cd       0x61 ./Core/Src/ADXL343.o
 .debug_macro   0x0001c22e       0xa5 ./Core/Src/ADXL343.o
 .debug_macro   0x0001c2d3      0x122 ./Core/Src/ADXL343.o
 .debug_macro   0x0001c3f5      0x3d1 ./Core/Src/ADXL343.o
 .debug_macro   0x0001c7c6      0x2fe ./Core/Src/ADXL343.o
 .debug_macro   0x0001cac4      0x34a ./Core/Src/ADXL343.o
 .debug_macro   0x0001ce0e       0xdc ./Core/Src/ADXL343.o
 .debug_macro   0x0001ceea      0x1e7 ./Core/Src/main.o
 .debug_macro   0x0001d0d1       0xe2 ./Core/Src/main.o
 .debug_macro   0x0001d1b3      0x1de ./Core/Src/stm32g4xx_hal_msp.o
 .debug_macro   0x0001d391      0x1e8 ./Core/Src/stm32g4xx_it.o
 .debug_macro   0x0001d579      0x1d4 ./Core/Src/system_stm32g4xx.o
 .debug_macro   0x0001d74d      0x222 ./Drivers/STM32G4xx_HAL_Driver/Src/stm32g4xx_hal.o
 .debug_macro   0x0001d96f      0x1d4 ./Drivers/STM32G4xx_HAL_Driver/Src/stm32g4xx_hal_cortex.o
 .debug_macro   0x0001db43      0x1db ./Drivers/STM32G4xx_HAL_Driver/Src/stm32g4xx_hal_gpio.o
 .debug_macro   0x0001dd1e      0x2a0 ./Drivers/STM32G4xx_HAL_Driver/Src/stm32g4xx_hal_i2c.o
 .debug_macro   0x0001dfbe      0x1d4 ./Drivers/STM32G4xx_HAL_Driver/Src/stm32g4xx_hal_i2c_ex.o
 .debug_macro   0x0001e192      0x1fe ./Drivers/STM32G4xx_HAL_Driver/Src/stm32g4xx_hal_pwr_ex.o
 .debug_macro   0x0001e390      0x216 ./Drivers/STM32G4xx_HAL_Driver/Src/stm32g4xx_hal_rcc.o
 .debug_macro   0x0001e5a6      0x1fe ./Drivers/STM32G4xx_HAL_Driver/Src/stm32g4xx_hal_rcc_ex.o
 .debug_macro   0x0001e7a4      0x1dc ./Drivers/STM32G4xx_HAL_Driver/Src/stm32g4xx_hal_spi.o

.debug_line     0x00000000     0xe0ab
 .debug_line    0x00000000      0x84f ./Core/Src/ADXL343.o
 .debug_line    0x0000084f      0x8f8 ./Core/Src/main.o
 .debug_line    0x00001147      0x817 ./Core/Src/stm32g4xx_hal_msp.o
 .debug_line    0x0000195e      0x82a ./Core/Src/stm32g4xx_it.o
 .debug_line    0x00002188      0x7d4 ./Core/Src/system_stm32g4xx.o
 .debug_line    0x0000295c       0x7b ./Core/Startup/startup_stm32g473ccux.o
 .debug_line    0x000029d7      0xb90 ./Drivers/STM32G4xx_HAL_Driver/Src/stm32g4xx_hal.o
 .debug_line    0x00003567      0xcf9 ./Drivers/STM32G4xx_HAL_Driver/Src/stm32g4xx_hal_cortex.o
 .debug_line    0x00004260      0xba9 ./Drivers/STM32G4xx_HAL_Driver/Src/stm32g4xx_hal_gpio.o
 .debug_line    0x00004e09     0x3a46 ./Drivers/STM32G4xx_HAL_Driver/Src/stm32g4xx_hal_i2c.o
 .debug_line    0x0000884f      0x985 ./Drivers/STM32G4xx_HAL_Driver/Src/stm32g4xx_hal_i2c_ex.o
 .debug_line    0x000091d4      0xcff ./Drivers/STM32G4xx_HAL_Driver/Src/stm32g4xx_hal_pwr_ex.o
 .debug_line    0x00009ed3      0xf5b ./Drivers/STM32G4xx_HAL_Driver/Src/stm32g4xx_hal_rcc.o
 .debug_line    0x0000ae2e     0x126d ./Drivers/STM32G4xx_HAL_Driver/Src/stm32g4xx_hal_rcc_ex.o
 .debug_line    0x0000c09b     0x2010 ./Drivers/STM32G4xx_HAL_Driver/Src/stm32g4xx_hal_spi.o

.debug_str      0x00000000    0xc18e1
 .debug_str     0x00000000    0xbdd0f ./Core/Src/ADXL343.o
                              0xbe02a (size before relaxing)
 .debug_str     0x000bdd0f      0x5c5 ./Core/Src/main.o
                              0xbe5e7 (size before relaxing)
 .debug_str     0x000be2d4      0x28a ./Core/Src/stm32g4xx_hal_msp.o
                              0xbe1b7 (size before relaxing)
 .debug_str     0x000be55e       0xc9 ./Core/Src/stm32g4xx_it.o
                              0xbd65d (size before relaxing)
 .debug_str     0x000be627       0xdb ./Core/Src/system_stm32g4xx.o
                              0xbd7dd (size before relaxing)
 .debug_str     0x000be702       0x44 ./Core/Startup/startup_stm32g473ccux.o
                                 0x9e (size before relaxing)
 .debug_str     0x000be746      0xb97 ./Drivers/STM32G4xx_HAL_Driver/Src/stm32g4xx_hal.o
                              0xbe466 (size before relaxing)
 .debug_str     0x000bf2dd      0x344 ./Drivers/STM32G4xx_HAL_Driver/Src/stm32g4xx_hal_cortex.o
                              0xbe0ea (size before relaxing)
 .debug_str     0x000bf621      0x128 ./Drivers/STM32G4xx_HAL_Driver/Src/stm32g4xx_hal_gpio.o
                              0xbd968 (size before relaxing)
 .debug_str     0x000bf749      0xdd3 ./Drivers/STM32G4xx_HAL_Driver/Src/stm32g4xx_hal_i2c.o
                              0xbeade (size before relaxing)
 .debug_str     0x000c051c       0xb8 ./Drivers/STM32G4xx_HAL_Driver/Src/stm32g4xx_hal_i2c_ex.o
                              0xbddfc (size before relaxing)
 .debug_str     0x000c05d4      0x4a5 ./Drivers/STM32G4xx_HAL_Driver/Src/stm32g4xx_hal_pwr_ex.o
                              0xbdccb (size before relaxing)
 .debug_str     0x000c0a79      0x4fb ./Drivers/STM32G4xx_HAL_Driver/Src/stm32g4xx_hal_rcc.o
                              0xbdefc (size before relaxing)
 .debug_str     0x000c0f74      0x3f9 ./Drivers/STM32G4xx_HAL_Driver/Src/stm32g4xx_hal_rcc_ex.o
                              0xbdf26 (size before relaxing)
 .debug_str     0x000c136d      0x574 ./Drivers/STM32G4xx_HAL_Driver/Src/stm32g4xx_hal_spi.o
                              0xbe115 (size before relaxing)

.comment        0x00000000       0x43
 .comment       0x00000000       0x43 ./Core/Src/ADXL343.o
                                 0x44 (size before relaxing)
 .comment       0x00000043       0x44 ./Core/Src/main.o
 .comment       0x00000043       0x44 ./Core/Src/stm32g4xx_hal_msp.o
 .comment       0x00000043       0x44 ./Core/Src/stm32g4xx_it.o
 .comment       0x00000043       0x44 ./Core/Src/system_stm32g4xx.o
 .comment       0x00000043       0x44 ./Drivers/STM32G4xx_HAL_Driver/Src/stm32g4xx_hal.o
 .comment       0x00000043       0x44 ./Drivers/STM32G4xx_HAL_Driver/Src/stm32g4xx_hal_cortex.o
 .comment       0x00000043       0x44 ./Drivers/STM32G4xx_HAL_Driver/Src/stm32g4xx_hal_gpio.o
 .comment       0x00000043       0x44 ./Drivers/STM32G4xx_HAL_Driver/Src/stm32g4xx_hal_i2c.o
 .comment       0x00000043       0x44 ./Drivers/STM32G4xx_HAL_Driver/Src/stm32g4xx_hal_i2c_ex.o
 .comment       0x00000043       0x44 ./Drivers/STM32G4xx_HAL_Driver/Src/stm32g4xx_hal_pwr_ex.o
 .comment       0x00000043       0x44 ./Drivers/STM32G4xx_HAL_Driver/Src/stm32g4xx_hal_rcc.o
 .comment       0x00000043       0x44 ./Drivers/STM32G4xx_HAL_Driver/Src/stm32g4xx_hal_rcc_ex.o
 .comment       0x00000043       0x44 ./Drivers/STM32G4xx_HAL_Driver/Src/stm32g4xx_hal_spi.o

.debug_frame    0x00000000     0x2f80
 .debug_frame   0x00000000       0xe8 ./Core/Src/ADXL343.o
 .debug_frame   0x000000e8       0xc8 ./Core/Src/main.o
 .debug_frame   0x000001b0       0xc8 ./Core/Src/stm32g4xx_hal_msp.o
 .debug_frame   0x00000278      0x104 ./Core/Src/stm32g4xx_it.o
 .debug_frame   0x0000037c       0x58 ./Core/Src/system_stm32g4xx.o
 .debug_frame   0x000003d4      0x500 ./Drivers/STM32G4xx_HAL_Driver/Src/stm32g4xx_hal.o
 .debug_frame   0x000008d4      0x498 ./Drivers/STM32G4xx_HAL_Driver/Src/stm32g4xx_hal_cortex.o
 .debug_frame   0x00000d6c      0x14c ./Drivers/STM32G4xx_HAL_Driver/Src/stm32g4xx_hal_gpio.o
 .debug_frame   0x00000eb8      0xc38 ./Drivers/STM32G4xx_HAL_Driver/Src/stm32g4xx_hal_i2c.o
 .debug_frame   0x00001af0      0x100 ./Drivers/STM32G4xx_HAL_Driver/Src/stm32g4xx_hal_i2c_ex.o
 .debug_frame   0x00001bf0      0x4fc ./Drivers/STM32G4xx_HAL_Driver/Src/stm32g4xx_hal_pwr_ex.o
 .debug_frame   0x000020ec      0x23c ./Drivers/STM32G4xx_HAL_Driver/Src/stm32g4xx_hal_rcc.o
 .debug_frame   0x00002328      0x2ac ./Drivers/STM32G4xx_HAL_Driver/Src/stm32g4xx_hal_rcc_ex.o
 .debug_frame   0x000025d4      0x860 ./Drivers/STM32G4xx_HAL_Driver/Src/stm32g4xx_hal_spi.o
 .debug_frame   0x00002e34       0x20 C:/ST/STM32CubeIDE_1.15.1/STM32CubeIDE/plugins/com.st.stm32cube.ide.mcu.externaltools.gnu-tools-for-stm32.12.3.rel1.win32_1.0.100.202403111256/tools/bin/../lib/gcc/arm-none-eabi/12.3.1/../../../../arm-none-eabi/lib/thumb/v7e-m+fp/hard\libc_nano.a(libc_a-memset.o)
 .debug_frame   0x00002e54       0x2c C:/ST/STM32CubeIDE_1.15.1/STM32CubeIDE/plugins/com.st.stm32cube.ide.mcu.externaltools.gnu-tools-for-stm32.12.3.rel1.win32_1.0.100.202403111256/tools/bin/../lib/gcc/arm-none-eabi/12.3.1/../../../../arm-none-eabi/lib/thumb/v7e-m+fp/hard\libc_nano.a(libc_a-init.o)
 .debug_frame   0x00002e80       0x30 C:/ST/STM32CubeIDE_1.15.1/STM32CubeIDE/plugins/com.st.stm32cube.ide.mcu.externaltools.gnu-tools-for-stm32.12.3.rel1.win32_1.0.100.202403111256/tools/bin/../lib/gcc/arm-none-eabi/12.3.1/thumb/v7e-m+fp/hard\libgcc.a(_arm_muldf3.o)
 .debug_frame   0x00002eb0       0xac C:/ST/STM32CubeIDE_1.15.1/STM32CubeIDE/plugins/com.st.stm32cube.ide.mcu.externaltools.gnu-tools-for-stm32.12.3.rel1.win32_1.0.100.202403111256/tools/bin/../lib/gcc/arm-none-eabi/12.3.1/thumb/v7e-m+fp/hard\libgcc.a(_arm_addsubdf3.o)
 .debug_frame   0x00002f5c       0x24 C:/ST/STM32CubeIDE_1.15.1/STM32CubeIDE/plugins/com.st.stm32cube.ide.mcu.externaltools.gnu-tools-for-stm32.12.3.rel1.win32_1.0.100.202403111256/tools/bin/../lib/gcc/arm-none-eabi/12.3.1/thumb/v7e-m+fp/hard\libgcc.a(_arm_truncdfsf2.o)

.debug_line_str
                0x00000000       0x82
 .debug_line_str
                0x00000000       0x82 ./Core/Startup/startup_stm32g473ccux.o
